client/src/hooks/useKeyboardNavigation.ts(785,6): error TS1110: Type expected.
client/src/hooks/useKeyboardNavigation.ts(787,9): error TS1005: '>' expected.
client/src/hooks/useKeyboardNavigation.ts(787,16): error TS1005: ')' expected.
client/src/hooks/useKeyboardNavigation.ts(787,18): error TS1136: Property assignment expected.
client/src/hooks/useKeyboardNavigation.ts(787,21): error TS1005: ';' expected.
client/src/hooks/useKeyboardNavigation.ts(787,39): error TS1128: Declaration or statement expected.
client/src/hooks/useKeyboardNavigation.ts(789,19): error TS1005: ';' expected.
client/src/hooks/useKeyboardNavigation.ts(792,9): error TS1127: Invalid character.
client/src/hooks/useKeyboardNavigation.ts(792,10): error TS1127: Invalid character.
client/src/hooks/useKeyboardNavigation.ts(793,8): error TS1161: Unterminated regular expression literal.
client/src/hooks/useKeyboardNavigation.ts(796,14): error TS1005: '>' expected.
client/src/hooks/useKeyboardNavigation.ts(796,23): error TS1005: ')' expected.
client/src/hooks/useKeyboardNavigation.ts(796,59): error TS1005: ';' expected.
client/src/hooks/useKeyboardNavigation.ts(796,68): error TS1136: Property assignment expected.
client/src/hooks/useKeyboardNavigation.ts(796,71): error TS1005: ';' expected.
client/src/hooks/useKeyboardNavigation.ts(796,91): error TS1109: Expression expected.
client/src/hooks/useKeyboardNavigation.ts(798,13): error TS1005: '>' expected.
client/src/hooks/useKeyboardNavigation.ts(798,16): error TS1005: ';' expected.
client/src/hooks/useKeyboardNavigation.ts(800,22): error TS1136: Property assignment expected.
client/src/hooks/useKeyboardNavigation.ts(800,26): error TS1005: ';' expected.
client/src/hooks/useKeyboardNavigation.ts(800,48): error TS1128: Declaration or statement expected.
client/src/hooks/useKeyboardNavigation.ts(802,28): error TS1005: ';' expected.
client/src/hooks/useKeyboardNavigation.ts(803,23): error TS1005: ';' expected.
client/src/hooks/useKeyboardNavigation.ts(805,18): error TS1005: '>' expected.
client/src/hooks/useKeyboardNavigation.ts(805,27): error TS1005: ';' expected.
client/src/hooks/useKeyboardNavigation.ts(806,19): error TS1005: '>' expected.
client/src/hooks/useKeyboardNavigation.ts(806,21): error TS1005: ';' expected.
client/src/hooks/useKeyboardNavigation.ts(806,49): error TS1005: ';' expected.
client/src/hooks/useKeyboardNavigation.ts(806,59): error TS1161: Unterminated regular expression literal.
client/src/hooks/useKeyboardNavigation.ts(808,26): error TS1136: Property assignment expected.
client/src/hooks/useKeyboardNavigation.ts(808,29): error TS1005: ';' expected.
client/src/hooks/useKeyboardNavigation.ts(808,48): error TS1128: Declaration or statement expected.
client/src/hooks/useKeyboardNavigation.ts(810,27): error TS1005: ';' expected.
client/src/hooks/useKeyboardNavigation.ts(812,17): error TS1127: Invalid character.
client/src/hooks/useKeyboardNavigation.ts(813,16): error TS1110: Type expected.
client/src/hooks/useKeyboardNavigation.ts(814,14): error TS1161: Unterminated regular expression literal.
client/src/hooks/useKeyboardNavigation.ts(816,18): error TS1005: ';' expected.
client/src/hooks/useKeyboardNavigation.ts(817,22): error TS1005: ',' expected.
client/src/hooks/useKeyboardNavigation.ts(818,22): error TS1005: '>' expected.
client/src/hooks/useKeyboardNavigation.ts(818,25): error TS1005: ')' expected.
client/src/hooks/useKeyboardNavigation.ts(818,37): error TS1005: ',' expected.
client/src/hooks/useKeyboardNavigation.ts(819,32): error TS1005: ',' expected.
client/src/hooks/useKeyboardNavigation.ts(819,78): error TS1161: Unterminated regular expression literal.
client/src/hooks/useKeyboardNavigation.ts(820,23): error TS1005: ',' expected.
client/src/hooks/useKeyboardNavigation.ts(821,39): error TS1005: ',' expected.
client/src/hooks/useKeyboardNavigation.ts(822,27): error TS1005: '>' expected.
client/src/hooks/useKeyboardNavigation.ts(822,30): error TS1005: ')' expected.
client/src/hooks/useKeyboardNavigation.ts(822,39): error TS1005: ',' expected.
client/src/hooks/useKeyboardNavigation.ts(823,30): error TS1005: '>' expected.
client/src/hooks/useKeyboardNavigation.ts(823,39): error TS1005: ',' expected.
client/src/hooks/useKeyboardNavigation.ts(823,82): error TS1161: Unterminated regular expression literal.
client/src/hooks/useKeyboardNavigation.ts(824,31): error TS1005: ',' expected.
client/src/hooks/useKeyboardNavigation.ts(824,73): error TS1005: ',' expected.
client/src/hooks/useKeyboardNavigation.ts(824,87): error TS1161: Unterminated regular expression literal.
client/src/hooks/useKeyboardNavigation.ts(825,24): error TS1161: Unterminated regular expression literal.
client/src/hooks/useKeyboardNavigation.ts(826,22): error TS1005: ',' expected.
client/src/hooks/useKeyboardNavigation.ts(827,20): error TS1161: Unterminated regular expression literal.
client/src/hooks/useKeyboardNavigation.ts(828,18): error TS1161: Unterminated regular expression literal.
client/src/hooks/useKeyboardNavigation.ts(829,15): error TS1128: Declaration or statement expected.
client/src/hooks/useKeyboardNavigation.ts(829,16): error TS1128: Declaration or statement expected.
client/src/hooks/useKeyboardNavigation.ts(829,17): error TS1128: Declaration or statement expected.
client/src/hooks/useKeyboardNavigation.ts(830,14): error TS1110: Type expected.
client/src/hooks/useKeyboardNavigation.ts(831,12): error TS1161: Unterminated regular expression literal.
client/src/hooks/useKeyboardNavigation.ts(832,10): error TS1161: Unterminated regular expression literal.
client/src/hooks/useKeyboardNavigation.ts(833,7): error TS1128: Declaration or statement expected.
client/src/hooks/useKeyboardNavigation.ts(833,8): error TS1128: Declaration or statement expected.
client/src/hooks/useKeyboardNavigation.ts(834,6): error TS1110: Type expected.
client/src/hooks/useKeyboardNavigation.ts(835,3): error TS1128: Declaration or statement expected.
client/src/hooks/useKeyboardNavigation.ts(836,1): error TS1128: Declaration or statement expected.
server/middleware/file-upload-security.ts(714,3): error TS1128: Declaration or statement expected.
server/middleware/file-upload-security.ts(714,11): error TS1434: Unexpected keyword or identifier.
server/middleware/file-upload-security.ts(714,36): error TS1005: ',' expected.
server/middleware/file-upload-security.ts(714,72): error TS1005: ',' expected.
server/middleware/file-upload-security.ts(714,81): error TS1005: ';' expected.
server/middleware/file-upload-security.ts(714,95): error TS1109: Expression expected.
server/middleware/file-upload-security.ts(715,9): error TS1005: ':' expected.
server/middleware/file-upload-security.ts(716,13): error TS1005: ',' expected.
server/middleware/file-upload-security.ts(716,15): error TS1005: ',' expected.
server/middleware/file-upload-security.ts(716,57): error TS1005: ',' expected.
server/middleware/file-upload-security.ts(717,13): error TS1005: ':' expected.
server/middleware/file-upload-security.ts(717,92): error TS1005: ',' expected.
server/middleware/file-upload-security.ts(718,13): error TS1005: ',' expected.
server/middleware/file-upload-security.ts(718,15): error TS1005: ',' expected.
server/middleware/file-upload-security.ts(718,51): error TS1005: ',' expected.
server/middleware/file-upload-security.ts(721,14): error TS1005: ',' expected.
server/middleware/file-upload-security.ts(721,84): error TS1005: ',' expected.
server/middleware/file-upload-security.ts(722,7): error TS1005: ',' expected.
server/middleware/file-upload-security.ts(726,1): error TS1128: Declaration or statement expected.
